WARNING: A terminally deprecated method in sun.misc.Unsafe has been called
WARNING: sun.misc.Unsafe::objectFieldOffset has been called by com.google.common.util.concurrent.AbstractFuture$UnsafeAtomicHelper (file:/usr/share/maven/lib/guava.jar)
WARNING: Please consider reporting this to the maintainers of class com.google.common.util.concurrent.AbstractFuture$UnsafeAtomicHelper
WARNING: sun.misc.Unsafe::objectFieldOffset will be removed in a future release
[[1;34mINFO[m] Scanning for projects...
[[1;34mINFO[m] 
[[1;34mINFO[m] [1m---------------------< [0;36mintermodular:intermodular[0;1m >----------------------[m
[[1;34mINFO[m] [1mBuilding intermodular 1.0-SNAPSHOT[m
[[1;34mINFO[m] [1m--------------------------------[ jar ]---------------------------------[m
[[1;34mINFO[m] 
[[1;34mINFO[m] [1m--- [0;32mmaven-clean-plugin:2.5:clean[m [1m(default-clean)[m @ [36mintermodular[0;1m ---[m
[[1;34mINFO[m] Deleting /home/jmrs/Documentos/PROYECTOS/JMRS/intermodular/target
[[1;34mINFO[m] 
[[1;34mINFO[m] [1m--- [0;32mmaven-resources-plugin:2.6:resources[m [1m(default-resources)[m @ [36mintermodular[0;1m ---[m
[[1;34mINFO[m] Using 'UTF-8' encoding to copy filtered resources.
[[1;34mINFO[m] Copying 2 resources
[[1;34mINFO[m] 
[[1;34mINFO[m] [1m--- [0;32mmaven-compiler-plugin:3.13.0:compile[m [1m(default-compile)[m @ [36mintermodular[0;1m ---[m
[[1;34mINFO[m] Recompiling the module because of [1mchanged source code[m.
[[1;34mINFO[m] Compiling 9 source files with javac [debug target 21] to target/classes
[[1;33mWARNING[m] location of system modules is not set in conjunction with -source 21
  not setting the location of system modules may lead to class files that cannot run on JDK 21
    --release 21 is recommended instead of -source 21 -target 21 because it sets the location of system modules automatically
[[1;34mINFO[m] /home/jmrs/Documentos/PROYECTOS/JMRS/intermodular/src/main/java/intermodular/controller/CochesController.java: /home/jmrs/Documentos/PROYECTOS/JMRS/intermodular/src/main/java/intermodular/controller/CochesController.java uses unchecked or unsafe operations.
[[1;34mINFO[m] /home/jmrs/Documentos/PROYECTOS/JMRS/intermodular/src/main/java/intermodular/controller/CochesController.java: Recompile with -Xlint:unchecked for details.
[[1;34mINFO[m] 
[[1;34mINFO[m] [1m--- [0;32mexec-maven-plugin:3.6.3:java[m [1m(default-cli)[m @ [36mintermodular[0;1m ---[m
====================================================
🚀 SERVIDOR INICIADO EN: http://localhost:7050/
====================================================
📂 ENDPOINTS DISPONIBLES:
1. POST /apis/coches/publicaranuncio -> Crear anuncio (Usar Body JSON)
2. GET  /apis/coches/todos           -> Listar todos los coches (JSON)
3. GET  /apis/coches/recomendados    -> Ver coches recomendados (JSON)
4. POST /apis/coches/favorito       -> Marcar/Desmarcar favorito
5. GET  /apis/coches/favoritos      -> Listar favoritos de usuario
6. PATCH /apis/coches/estado        -> Actualizar estado (Vendido)
7. GET  /docs                        -> Documentación con EJEMPLOS COMPLETOS
8. GET  /                            -> Página Principal
====================================================
✅ Conexión correcta a PostgreSQL.
